[0.009s][info][gc] Using G1
используем сборщик мусора G1

[0.159s][info][gc] GC(0) Pause Young (Normal) (G1 Evacuation Pause) 3M->1M(8M) 4.245ms
пауза для зачистки мертвых молодых объектов и продвижения живого молодого поколения в старое поколение

[0.177s][info][gc] GC(1) Pause Young (Normal) (G1 Evacuation Pause) 2M->2M(8M) 3.834ms
пауза для зачистки мертвых молодых объектов и продвижения живого молодого поколения в старое поколение

[0.188s][info][gc] GC(2) Pause Young (Normal) (G1 Evacuation Pause) 3M->3M(8M) 5.115ms
пауза для зачистки мертвых молодых объектов и продвижения живого молодого поколения в старое поколение

[0.200s][info][gc] GC(3) Pause Young (Normal) (G1 Evacuation Pause) 4M->4M(8M) 4.931ms
пауза для зачистки мертвых молодых объектов и продвижения живого молодого поколения в старое поколение

[0.207s][info][gc] GC(4) Pause Young (Concurrent Start) (G1 Evacuation Pause) 5M->5M(8M) 3.749ms
пауза, размер кучи превысил заданный порог, продолжаем зачистку и продвижение молодого поколения + параллельно начинаем
 поиск живых объектов в старом поколении

[0.207s][info][gc] GC(5) Concurrent Cycle

[0.218s][info][gc] GC(5) Pause Remark 6M->6M(8M) 0.933ms
пауза, останавливаем приложение и завершаем поиск живых объектов в куче

[0.222s][info][gc] GC(5) Pause Cleanup 6M->6M(8M) 0.034ms
пауза, высвобождаем память от мертвых объектов

[0.222s][info][gc] GC(5) Concurrent Cycle 14.529ms

[0.229s][info][gc] GC(6) Pause Young (Normal) (G1 Evacuation Pause) 7M->7M(8M) 5.196ms
пауза для зачистки мертвых молодых объектов и продвижения живого молодого поколения в старое поколение